# Progress

Goal: Backend Engineering with Go
Snapshot: 2026-08-21 10:30 (America/Lima)

## Study time

- Today: 25m
- This week: 4h12m
- This month: 9h00m
- Total: 21h05m

## Concepts

- Mastered: 1 of 2
- Learning: 1
- Introduced: 2
- Completion: 50%

## Reviews

- Due: 2

## Streak

- Current: 6 days
- Longest: 9 days
- Active days: 14

## Recent milestones

- First concept mastered
