
  Kelyro
  Workspace: foundation lab

  Backend Engineering with Go

  Progress
  [##########----------] 50%

  Today
  Reviews due: 2
  Next: Short declarations

  Mastery required: 85%
  Streak: 6 days
  Study this week: 4h12m

  [Enter] Today   [r] Roadmap   [p] Progress   [c] Concept   [v] Reviews
  [h] History   [g] Goal   [o] Profile   [f] Refresh   [s] Setup   [d] Doctor
  [C] Config   [k] Streak   [q] Quit
